// Jest Snapshot v1, https://goo.gl/fbAQLP

exports[`Dashboard  flatlist component should be render 1`] = `2`;
