// Jest Snapshot v1, https://goo.gl/fbAQLP

exports[`<Forgotpass /> show Invalid Username and password 1`] = `0`;
