// Jest Snapshot v1, https://goo.gl/fbAQLP

exports[` 1`] = `
[MockFunction] {
  "calls": Array [
    Array [],
  ],
  "results": Array [
    Object {
      "type": "return",
      "value": undefined,
    },
  ],
}
`;

exports[`<Login /> Title input Should capture title correctly onChange 1`] = `[MockFunction]`;

exports[`<Login /> given empty GroceryShoppingList, user can add an item to it 1`] = `Array []`;

exports[`<Login /> increment counter correctlry 1`] = `[MockFunction]`;

exports[`<Login /> renders correctly 1`] = `
<RCTScrollView
  showsVerticalScrollIndicator={false}
>
  <View>
    <View
      style={
        Object {
          "backgroundColor": "#fff",
          "flex": 1,
          "padding": 30,
        }
      }
    >
      <View
        style={
          Object {
            "marginTop": 30,
          }
        }
      >
        <Text
          style={
            Object {
              "color": "black",
              "fontSize": 30,
              "fontWeight": "bold",
              "marginTop": 20,
            }
          }
        >
          Login
        </Text>
        <Text
          style={
            Object {
              "fontSize": 14,
              "marginTop": 20,
            }
          }
        >
          Welcome Home My Friend
        </Text>
      </View>
      <View
        style={
          Object {
            "marginTop": 12,
          }
        }
      >
        <View
          style={
            Object {
              "flexDirection": "row",
              "marginTop": 20,
            }
          }
        >
          <Icon
            name="mail-outline"
            size={16}
            style={
              Object {
                "marginTop": 15,
                "position": "absolute",
              }
            }
          />
          <TextInput
            autoCapitalize="none"
            autoCorrect={false}
            onChangeText={[Function]}
            onEndEditing={[Function]}
            placeholder="Email"
            style={
              Object {
                "borderBottomWidth": 0.3,
                "flex": 1,
                "fontSize": 12,
                "paddingLeft": 50,
              }
            }
            testID="Emailtest"
          />
        </View>
        <View />
      </View>
      <View
        style={
          Object {
            "flexDirection": "row",
            "marginTop": 20,
          }
        }
      >
        <Icon
          name="lock-closed-outline"
          size={16}
          style={
            Object {
              "marginTop": 15,
              "position": "absolute",
            }
          }
        />
        <TextInput
          onChangeText={[Function]}
          onEndEditing={[Function]}
          placeholder="Password"
          secureTextEntry={true}
          style={
            Object {
              "borderBottomWidth": 0.3,
              "flex": 1,
              "fontSize": 12,
              "paddingLeft": 50,
            }
          }
          testID="Passwordtest"
        />
      </View>
      <View />
      <View
        style={
          Object {
            "flexDirection": "row",
            "marginTop": 20,
          }
        }
      >
        <View
          style={
            Object {
              "borderColor": "#D5D8DC ",
              "borderWidth": 0.5,
              "height": 12,
              "marginTop": 4,
              "width": 12,
            }
          }
        />
        <Text
          style={
            Object {
              "fontSize": 12,
              "paddingLeft": 15,
            }
          }
        >
          Remember Pasword
        </Text>
      </View>
      <Text
        onPress={[Function]}
        style={
          Object {
            "fontSize": 12,
            "marginTop": 10,
            "width": 100,
          }
        }
        testID="Forgotpassword"
      >
        Forgot Pasword ?
      </Text>
      <Text
        style={
          Object {
            "color": "#404040",
            "fontWeight": "400",
            "marginTop": 20,
            "textAlign": "center",
          }
        }
      >
        Dont have an account ?
      </Text>
      <View
        style={
          Object {
            "alignItems": "center",
            "flexDirection": "row",
            "justifyContent": "center",
          }
        }
      >
        <Text
          style={
            Object {
              "color": "#404040",
              "fontWeight": "400",
            }
          }
        >
          Please
        </Text>
        <Text
          onPress={[Function]}
          style={
            Object {
              "color": "#7F00FF",
              "fontWeight": "500",
            }
          }
          testID="Signup"
        >
           SIGN UP
        </Text>
      </View>
      <View>
        <View
          style={
            Object {
              "alignItems": "center",
              "backgroundColor": "#ccccff",
              "borderRadius": 5,
              "flexDirection": "row",
              "height": 45,
              "marginTop": 10,
            }
          }
        >
          <Image
            source={1}
            style={
              Object {
                "alignItems": "flex-start",
                "height": 20,
                "margin": 20,
                "width": 20,
              }
            }
          />
          <Text
            style={
              Object {
                "color": "#4169e1",
                "fontSize": 18,
                "fontWeight": "bold",
              }
            }
          >
            LOG IN WITH FACEBOOK
          </Text>
        </View>
      </View>
      <View>
        <View
          style={
            Object {
              "alignItems": "center",
              "backgroundColor": "#fbceb1",
              "borderRadius": 5,
              "flexDirection": "row",
              "height": 45,
              "marginTop": 10,
            }
          }
        >
          <Image
            source={1}
            style={
              Object {
                "alignItems": "flex-start",
                "height": 20,
                "margin": 20,
                "width": 20,
              }
            }
          />
          <Text
            style={
              Object {
                "color": "#ef3038",
                "fontSize": 18,
                "fontWeight": "bold",
              }
            }
          >
            LOG IN WITH GOOGLE
          </Text>
        </View>
      </View>
    </View>
  </View>
</RCTScrollView>
`;

exports[`<Login /> should match the snapshot 1`] = `"<RCTScrollView><View><View style=\\"flex:1;background-color:#fff;padding:30px\\"><View style=\\"margin-top:30px\\"><Text style=\\"font-size:30px;color:black;margin-top:20px;font-weight:bold\\">Login</Text><Text style=\\"font-size:14px;margin-top:20px\\">Welcome Home My Friend</Text></View><View style=\\"margin-top:12px\\"><View style=\\"margin-top:20px;flex-direction:row\\"><Icon name=\\"mail-outline\\" size=\\"16\\" style=\\"margin-top:15px;position:absolute\\"></Icon><TextInput style=\\"padding-left:50px;border-bottom-width:0.3px;flex:1;font-size:12px\\" placeholder=\\"Email.\\" autoCapitalize=\\"none\\"></TextInput></View><View></View></View><View style=\\"margin-top:20px;flex-direction:row\\"><Icon name=\\"lock-closed-outline\\" size=\\"16\\" style=\\"margin-top:15px;position:absolute\\"></Icon><TextInput style=\\"padding-left:50px;border-bottom-width:0.3px;flex:1;font-size:12px\\" placeholder=\\"Password.\\"></TextInput></View><View></View><View style=\\"margin-top:20px;flex-direction:row\\"><View style=\\"width:12px;height:12px;margin-top:4px;border-color:#D5D8DC;border-width:0.5px\\"></View><Text style=\\"padding-left:15px;font-size:12px\\">Remember Pasword</Text></View><Text style=\\"width:100px;font-size:12px;margin-top:10px\\">Forgot Pasword ?</Text><Text style=\\"margin-top:20px;text-align:center;color:#404040;font-weight:400\\">Dont have an account ?</Text><View style=\\"flex-direction:row;align-items:center;justify-content:center\\"><Text style=\\"color:#404040;font-weight:400\\">Please</Text><Text style=\\"color:#7F00FF;font-weight:500\\"> SIGN UP</Text></View><View><View style=\\"border-radius:5px;height:45px;align-items:center;margin-top:10px;flex-direction:row;background-color:#ccccff\\"><Image style=\\"align-items:flex-start;width:20px;height:20px;margin:20px\\" source=\\"1\\"></Image><Text style=\\"color:#4169e1;font-size:18px;font-weight:bold\\">LOG IN WITH FACEBOOK</Text></View></View><View><View style=\\"border-radius:5px;height:45px;align-items:center;margin-top:10px;flex-direction:row;background-color:#fbceb1\\"><Image style=\\"align-items:flex-start;width:20px;height:20px;margin:20px\\" source=\\"1\\"></Image><Text style=\\"color:#ef3038;font-size:18px;font-weight:bold\\">LOG IN WITH GOOGLE</Text></View></View></View></View></RCTScrollView>"`;

exports[`<Login /> should set the password value on change event with trim 1`] = `undefined`;

exports[`<Login /> show Invalid Username and password 1`] = `0`;
