// Jest Snapshot v1, https://goo.gl/fbAQLP

exports[`<Login /> renders correctly 1`] = `
<RCTScrollView
  showsVerticalScrollIndicator={false}
>
  <View>
    <View
      style={
        Object {
          "backgroundColor": "#fff",
          "flex": 1,
          "padding": 30,
        }
      }
    >
      <View
        style={
          Object {
            "marginTop": 30,
          }
        }
      >
        <Text
          style={
            Object {
              "color": "black",
              "fontSize": 30,
              "fontWeight": "bold",
              "marginTop": 20,
            }
          }
        >
          SIGN UP
        </Text>
        <Text
          style={
            Object {
              "fontSize": 15,
              "marginTop": 20,
            }
          }
        >
          Welcome Home My Friend
        </Text>
      </View>
      <View
        style={
          Object {
            "marginTop": 15,
          }
        }
      >
        <View
          style={
            Object {
              "flexDirection": "row",
              "marginTop": 15,
            }
          }
        >
          <Icon
            name="person-outline"
            size={18}
            style={
              Object {
                "marginTop": 15,
                "position": "absolute",
              }
            }
          />
          <TextInput
            onChangeText={[Function]}
            onEndEditing={[Function]}
            placeholder="Name"
            style={
              Object {
                "borderBottomWidth": 0.5,
                "flex": 1,
                "fontSize": 12,
                "paddingLeft": 50,
              }
            }
          />
        </View>
        <View />
      </View>
      <View
        style={
          Object {
            "flexDirection": "row",
            "marginTop": 15,
          }
        }
      >
        <Icon
          name="mail-outline"
          size={18}
          style={
            Object {
              "marginTop": 15,
              "position": "absolute",
            }
          }
        />
        <TextInput
          autoCapitalize="none"
          autoCorrect={false}
          onChangeText={[Function]}
          onEndEditing={[Function]}
          placeholder="Email"
          style={
            Object {
              "borderBottomWidth": 0.5,
              "flex": 1,
              "fontSize": 12,
              "paddingLeft": 50,
            }
          }
        />
      </View>
      <View />
      <View
        style={
          Object {
            "flexDirection": "row",
            "marginTop": 15,
          }
        }
      >
        <Icon
          name="lock-closed-outline"
          size={18}
          style={
            Object {
              "marginTop": 15,
              "position": "absolute",
            }
          }
        />
        <TextInput
          onChangeText={[Function]}
          onEndEditing={[Function]}
          placeholder="Password"
          secureTextEntry={true}
          style={
            Object {
              "borderBottomWidth": 0.5,
              "flex": 1,
              "fontSize": 12,
              "paddingLeft": 50,
            }
          }
        />
      </View>
      <View />
      <View
        style={
          Object {
            "flexDirection": "row",
            "marginTop": 15,
          }
        }
      >
        <Icon
          name="lock-closed-outline"
          size={18}
          style={
            Object {
              "marginTop": 15,
              "position": "absolute",
            }
          }
        />
        <TextInput
          onChangeText={[Function]}
          onEndEditing={[Function]}
          placeholder="Password Retype"
          secureTextEntry={true}
          style={
            Object {
              "borderBottomWidth": 0.5,
              "flex": 1,
              "fontSize": 12,
              "paddingLeft": 50,
            }
          }
        />
      </View>
      <View />
      <View
        style={
          Object {
            "flexDirection": "row",
            "marginTop": 20,
          }
        }
      >
        <View
          style={
            Object {
              "borderColor": "#D5D8DC ",
              "borderWidth": 0.5,
              "height": 12,
              "marginTop": 4,
              "width": 12,
            }
          }
        />
        <Text
          style={
            Object {
              "fontSize": 13,
              "paddingLeft": 10,
            }
          }
        >
          Terms & Conditions
        </Text>
      </View>
      <Text
        style={
          Object {
            "color": "#404040",
            "marginTop": 20,
            "textAlign": "center",
          }
        }
      >
        Already  have an account ?
      </Text>
      <View
        style={
          Object {
            "alignItems": "center",
            "flexDirection": "row",
            "justifyContent": "center",
          }
        }
      >
        <Text
          style={
            Object {
              "color": "#404040",
              "fontWeight": "400",
            }
          }
        >
          Please
        </Text>
        <Text
          onPress={[Function]}
          style={
            Object {
              "color": "#7F00FF",
              "fontWeight": "500",
            }
          }
        >
           Login
        </Text>
      </View>
    </View>
  </View>
</RCTScrollView>
`;
